// Jest Snapshot v1, https://goo.gl/fbAQLP

exports[`All test matches the snapshot 1`] = `
<div>
  <h1>
    counter
  </h1>
  <h2>
    the count is: 
    0
  </h2>
  <button
    id="button1"
    onClick={[Function]}
  >
    Increase
  </button>
  <button
    id="button2"
    onClick={[Function]}
  >
    Decrease
  </button>
</div>
`;
